<html>
<body>
<pre>
<h1>µVision Build Log</h1>
<h2>Tool Versions:</h2>
IDE-Version: µVision V5.38.0.0
Copyright (C) 2022 ARM Ltd and ARM Germany GmbH. All rights reserved.
License Information: Dipto Mahmud, unv of dhaka, LIC=----
 
Tool Versions:
Toolchain:       MDK-Lite  Version: 5.38.0.0
Toolchain Path:  C:\Keil_v5\ARM\ARMCLANG\Bin
C Compiler:      ArmClang.exe V6.19
Assembler:       Armasm.exe V6.19
Linker/Locator:  ArmLink.exe V6.19
Library Manager: ArmAr.exe V6.19
Hex Converter:   FromElf.exe V6.19
CPU DLL:         SARMCM3.DLL V5.38.0.0
Dialog DLL:      DCM.DLL V1.17.5.0
Target DLL:      STLink\ST-LINKIII-KEIL_SWO.dll V3.1.0.0
Dialog DLL:      TCM.DLL V1.56.4.0
 
<h2>Project:</h2>
C:\Users\Dipto\Desktop\MCU\assignment1.uvprojx
Project File Date:  02/03/2023

<h2>Output:</h2>
*** Using Compiler 'V6.19', folder: 'C:\Keil_v5\ARM\ARMCLANG\Bin'
Build target 'Target 1'
code.c(47): warning: no previous extern declaration for non-static variable 'Red_to_Green' [-Wmissing-variable-declarations]
const int32_t Red_to_Green=10; //actual 60
              ^
code.c(47): note: declare 'static' if the variable is not intended to be used outside of this translation unit
const int32_t Red_to_Green=10; //actual 60
      ^
code.c(48): warning: no previous extern declaration for non-static variable 'Green_to_Yellow' [-Wmissing-variable-declarations]
const int32_t Green_to_Yellow=5; //actual 5
              ^
code.c(48): note: declare 'static' if the variable is not intended to be used outside of this translation unit
const int32_t Green_to_Yellow=5; //actual 5
      ^
code.c(49): warning: no previous extern declaration for non-static variable 'Yellow_to_Red' [-Wmissing-variable-declarations]
const int32_t Yellow_to_Red=2; //actual 2
              ^
code.c(49): note: declare 'static' if the variable is not intended to be used outside of this translation unit
const int32_t Yellow_to_Red=2; //actual 2
      ^
code.c(54): warning: no previous prototype for function 'reset_led' [-Wmissing-prototypes]
void reset_led(GPIO_TypeDef* GPIOx)     
     ^
code.c(54): note: declare 'static' if the function is not intended to be used outside of this translation unit
void reset_led(GPIO_TypeDef* GPIOx)     
^
static 
code.c(64): warning: no previous prototype for function 'traffic_move_UD' [-Wmissing-prototypes]
void traffic_move_UD(int n,GPIO_TypeDef* GPIOx)
     ^
code.c(64): note: declare 'static' if the function is not intended to be used outside of this translation unit
void traffic_move_UD(int n,GPIO_TypeDef* GPIOx)
^
static 
code.c(93): warning: a function declaration without a prototype is deprecated in all versions of C [-Wstrict-prototypes]
void traffic_LR_go()
                  ^
                   void
code.c(93): warning: no previous prototype for function 'traffic_LR_go' [-Wmissing-prototypes]
void traffic_LR_go()
     ^
code.c(93): note: declare 'static' if the function is not intended to be used outside of this translation unit
void traffic_LR_go()
^
static 
code.c(98): warning: a function declaration without a prototype is deprecated in all versions of C [-Wstrict-prototypes]
void traffic_LR_stop()
                    ^
                     void
code.c(98): warning: no previous prototype for function 'traffic_LR_stop' [-Wmissing-prototypes]
void traffic_LR_stop()
     ^
code.c(98): note: declare 'static' if the function is not intended to be used outside of this translation unit
void traffic_LR_stop()
^
static 
code.c(107): warning: a function declaration without a prototype is deprecated in all versions of C [-Wstrict-prototypes]
void traffic_UD_go()
                  ^
                   void
code.c(107): warning: no previous prototype for function 'traffic_UD_go' [-Wmissing-prototypes]
void traffic_UD_go()
     ^
code.c(107): note: declare 'static' if the function is not intended to be used outside of this translation unit
void traffic_UD_go()
^
static 
code.c(113): warning: a function declaration without a prototype is deprecated in all versions of C [-Wstrict-prototypes]
void traffic_UD_stop()
                    ^
                     void
code.c(113): warning: no previous prototype for function 'traffic_UD_stop' [-Wmissing-prototypes]
void traffic_UD_stop()
     ^
code.c(113): note: declare 'static' if the function is not intended to be used outside of this translation unit
void traffic_UD_stop()
^
static 
code.c(122): warning: a function declaration without a prototype is deprecated in all versions of C [-Wstrict-prototypes]
int main()
        ^
         void
code.c(172): warning: no newline at end of file [-Wnewline-eof]
}
 ^
code.c(146): warning: mixing declarations and code is incompatible with standards before C99 [-Wdeclaration-after-statement]
                int16_t i=10;
                        ^
16 warnings generated.
compiling code.c...
linking...
Program Size: Code=2228 RO-data=468 RW-data=0 ZI-data=1680  
".\Objects\assignment1.axf" - 0 Error(s), 16 Warning(s).

<h2>Software Packages used:</h2>

Package Vendor: ARM
                http://www.keil.com/pack/ARM.CMSIS.5.9.0.pack
                ARM.CMSIS.5.9.0
                CMSIS (Common Microcontroller Software Interface Standard)
   * Component: CORE Version: 5.6.0

Package Vendor: Keil
                https://www.keil.com/pack/Keil.STM32F4xx_DFP.2.17.0.pack
                Keil.STM32F4xx_DFP.2.17.0
                STMicroelectronics STM32F4 Series Device Support, Drivers and Examples
   * Component: Startup Version: 2.6.3

<h2>Collection of Component include folders:</h2>
  ./RTE/_Target_1
  C:/Users/Dipto/AppData/Local/Arm/Packs/ARM/CMSIS/5.9.0/CMSIS/Core/Include
  C:/Users/Dipto/AppData/Local/Arm/Packs/Keil/STM32F4xx_DFP/2.17.0/Drivers/CMSIS/Device/ST/STM32F4xx/Include

<h2>Collection of Component Files used:</h2>

   * Component: ARM::CMSIS:CORE:5.6.0

   * Component: Keil::Device:Startup:2.6.3
      Source file:   MDK/Device/Source/ARM/STM32F4xx_OTP.s
      Source file:   MDK/Device/Source/ARM/STM32F446xx_OPT.s
      Include file:  Drivers/CMSIS/Device/ST/STM32F4xx/Include/stm32f4xx.h
      Source file:   Drivers/CMSIS/Device/ST/STM32F4xx/Source/Templates/arm/startup_stm32f446xx.s
      Source file:   Drivers/CMSIS/Device/ST/STM32F4xx/Source/Templates/system_stm32f4xx.c
Build Time Elapsed:  00:00:01
</pre>
</body>
</html>
